Test: escaped characters: (newline)
backslash: \, quotes: ", (newline)
Reached Halt.
