
Moodle Test 2 (recursion)
Input integer?:Input integer?:should be a^n : 1296 
Reached Halt.
