
Test: check "(BEXP)" 
2 < 3 good!!
2 < 3 good!!
Reached Halt.
