
Moodle Test 4 (if then else)
Input real?:Input real?:should be the smaller number: 7.345000 
Example done
Reached Halt.
