
Test: passing pointer to function in different file
should be 3: 3 
should be 20: 20 
should be 10: 10 
Reached Halt.
