
Test: int func without return statement
in noRet
Reached Halt.
